// Jest Snapshot v1, https://goo.gl/fbAQLP

exports[`App should match the snapshot 1`] = `
<div
  className="App"
>
  <div
    className="loading-container"
  >
    <img
      alt="loading films"
      className="loading"
      src="light-side-loading.gif"
    />
  </div>
  <Route
    component={[Function]}
    exact={true}
    path="/"
  />
  <Route
    exact={true}
    path="/people"
    render={[Function]}
  />
  <Route
    exact={true}
    path="/planets"
    render={[Function]}
  />
  <Route
    exact={true}
    path="/vehicles"
    render={[Function]}
  />
  <Route
    exact={true}
    path="/favorites"
    render={[Function]}
  />
  <Nav
    favCount={0}
  />
</div>
`;
